C51 COMPILER V9.00   DHT11                                                                 11/03/2013 14:52:55 PAGE 1   


C51 COMPILER V9.00, COMPILATION OF MODULE DHT11
OBJECT MODULE PLACED IN dht11.OBJ
COMPILER INVOKED BY: C:\Keil\C51\BIN\C51.EXE dht11.c BROWSE DEBUG OBJECTEXTEND

line level    source

   1          //单片机时钟为11.0592M
   2          #include "dht11.h"
   3          #include <reg52.h>
   4          //请根据自己的dht11 接的IO 口来改动位定义
   5          sbit dht11 = P1^3;
   6          //防止在与硬件通信时发生死循环的计数范围
   7          #define NUMBER 20
   8          #define SIZE 5
   9          static unsigned char status;
  10          //存放五字节数据的数组
  11          static unsigned char value_array[SIZE];
  12          /*可在其他的文件引用温湿度值,实际是温度的整数的10 倍
  13          如dht11 读回的温度是26,则temp_value = 260, 湿度同理*/
  14          int temp_value, humi_value;
  15          static unsigned char ReadValue(void);
  16          
  17          extern void Delay_1ms(unsigned int ms)
  18          {
  19   1              unsigned int x, y;
  20   1              for(x = ms; x > 0; x--)
  21   1              {
  22   2                      for(y = 124; y > 0; y--);
  23   2              }
  24   1      }
  25          
  26          static void Delay_10us(void)
  27          {
  28   1              unsigned char i;
  29   1              i--;
  30   1              i--;
  31   1              i--;
  32   1              i--;
  33   1              i--;
  34   1              i--;
  35   1      }
  36          
  37          /*读一个字节的数据*/
  38          static unsigned char ReadValue(void)
  39          {
  40   1              unsigned char count, value = 0, i;
  41   1              status = OK; //设定标志为正常状态
  42   1              for(i = 8; i > 0; i--)
  43   1              {
  44   2                      //高位在先
  45   2                      value <<= 1;
  46   2                      count = 0;
  47   2                      //每一位数据前会有一个50us 的低电平时间.等待50us 低电平结束
  48   2                      while(dht11 == 0 && count++ < NUMBER);
  49   2                      if(count >= NUMBER)
  50   2                      {
  51   3                              status = ERROR; //设定错误标志
  52   3                              return 0; //函数执行过程发生错误就退出函数
  53   3                      }
  54   2                      //26-28us 的高电平表示该位是0,为70us 高电平表该位1
  55   2                      Delay_10us();
C51 COMPILER V9.00   DHT11                                                                 11/03/2013 14:52:55 PAGE 2   

  56   2                      Delay_10us();
  57   2                      Delay_10us();
  58   2                      //延时30us 后检测数据线是否还是高电平
  59   2                      if(dht11 != 0)
  60   2                      {
  61   3                              //进入这里表示该位是1
  62   3                              value++;
  63   3                              //等待剩余(约40us)的高电平结束
  64   3                              while(dht11 != 0 && count++ < NUMBER)
  65   3                              {
  66   4                                      dht11 = 1;
  67   4                              }
  68   3                              if(count >= NUMBER)
  69   3                              {
  70   4                                      status = ERROR; //设定错误标志
  71   4                                      return 0;
  72   4                              }
  73   3                      }
  74   2              }
  75   1              return (value);
  76   1      }
  77          
  78          //读一次的数据,共五字节
  79          extern unsigned char ReadTempAndHumi(void)
  80          {
  81   1              unsigned char i = 0, check_value = 0,count = 0;
  82   1              EA = 0;
  83   1              dht11 = 0; //拉低数据线大于18ms 发送开始信号
  84   1              Delay_1ms(20); //需大于18 毫秒
  85   1              dht11 = 1; //释放数据线,用于检测低电平的应答信号
  86   1              //延时20-40us,等待一段时间后检测应答信号,应答信号是从机拉低数据线80us
  87   1              Delay_10us();
  88   1              Delay_10us();
  89   1              Delay_10us();
  90   1              Delay_10us();
  91   1              if(dht11 != 0) //检测应答信号,应答信号是低电平
  92   1              {
  93   2                      //没应答信号
  94   2                      EA = 1;
  95   2                      return ERROR;
  96   2              }
  97   1              else
  98   1              {
  99   2                      //有应答信号
 100   2                      while(dht11 == 0 && count++ < NUMBER); //等待应答信号结束
 101   2                      if(count >= NUMBER) //检测计数器是否超过了设定的范围
 102   2                      {
 103   3                              dht11 = 1;
 104   3                              EA = 1;
 105   3                              return ERROR; //读数据出错,退出函数
 106   3                      }
 107   2                      count = 0;
 108   2                      dht11 = 1;//释放数据线
 109   2                      //应答信号后会有一个80us 的高电平，等待高电平结束
 110   2                      while(dht11 != 0 && count++ < NUMBER);
 111   2                      if(count >= NUMBER)
 112   2                      {
 113   3                              dht11 = 1;
 114   3                              EA = 1;
 115   3                              return ERROR; //退出函数
 116   3                      }
 117   2                      //读出湿.温度值
C51 COMPILER V9.00   DHT11                                                                 11/03/2013 14:52:55 PAGE 3   

 118   2                      for(i = 0; i < SIZE; i++)
 119   2                      {
 120   3                              value_array[i] = ReadValue();
 121   3                              if(status == ERROR)//调用ReadValue()读数据出错会设定status 为ERROR
 122   3                              {
 123   4                                      dht11 = 1;
 124   4                                      EA = 1;
 125   4                                      return ERROR;
 126   4                              }
 127   3                              //读出的最后一个值是校验值不需加上去
 128   3                              if(i != SIZE - 1)
 129   3                              {
 130   4                                      //读出的五字节数据中的前四字节数据和等于第五字节数据表示成功
 131   4                                      check_value += value_array[i];
 132   4                              }
 133   3                      }       //end for
 134   2                      //在没用发生函数调用失败时进行校验
 135   2                      if(check_value == value_array[SIZE - 1])
 136   2                      {
 137   3                              humi_value = value_array[0]?value_array[0]:value_array[1];
 138   3                              temp_value = value_array[2]?value_array[2]:value_array[3];
 139   3                              dht11 = 1;
 140   3                              EA = 1;
 141   3                              return OK; //正确的读出dht11 输出的数据
 142   3                      }
 143   2                      else
 144   2                      {
 145   3                              //校验数据出错
 146   3                              EA = 1;
 147   3                              return ERROR;
 148   3                      }
 149   2              }
 150   1      }


MODULE INFORMATION:   STATIC OVERLAYABLE
   CODE SIZE        =    280    ----
   CONSTANT SIZE    =   ----    ----
   XDATA SIZE       =   ----    ----
   PDATA SIZE       =   ----    ----
   DATA SIZE        =     10       1
   IDATA SIZE       =   ----    ----
   BIT SIZE         =   ----    ----
END OF MODULE INFORMATION.


C51 COMPILATION COMPLETE.  0 WARNING(S),  0 ERROR(S)
